npm verbose cli C:\Program Files\nodejs\node.exe C:\Users\11 TRD\AppData\Roaming\npm\node_modules\npm\bin\npm-cli.js
npm info using npm@11.4.2
npm info using node@v22.17.0
npm verbose title npm install next@15.5.23
npm verbose argv "install" "next@15.5.23" "--loglevel" "verbose"
npm verbose logfile logs-max:10 dir:C:\Users\11 TRD\AppData\Local\npm-cache\_logs\2026-08-15T06_05_39_448Z-
npm verbose logfile C:\Users\11 TRD\AppData\Local\npm-cache\_logs\2026-08-15T06_05_39_448Z-debug-0.log
npm http fetch GET 200 https://registry.npmjs.org/next 1967ms (cache revalidated)
npm http fetch GET 200 https://registry.npmjs.org/@opentelemetry%2fapi 690ms (cache revalidated)
npm http fetch GET 200 https://registry.npmjs.org/@playwright%2ftest 195ms (cache revalidated)
npm http cache https://registry.npmjs.org/babel-plugin-react-compiler 11ms (cache hit)
npm http fetch GET 200 https://registry.npmjs.org/react 316522ms (cache updated)
npm http fetch GET 200 https://registry.npmjs.org/react-dom 334136ms (cache miss)
npm http fetch GET 200 https://registry.npmjs.org/sass 79454ms (cache miss)
npm http fetch GET 200 https://registry.npmjs.org/@next%2fswc-linux-x64-musl 25086ms (cache miss)
npm http fetch GET 200 https://registry.npmjs.org/@next%2fswc-darwin-arm64 38743ms (cache miss)
npm http fetch GET 200 https://registry.npmjs.org/@next%2fswc-linux-arm64-gnu 132654ms (cache miss)
npm http fetch GET 200 https://registry.npmjs.org/@next%2fswc-linux-x64-gnu 135183ms (cache miss)
npm http fetch GET 200 https://registry.npmjs.org/@next%2fswc-win32-x64-msvc 201966ms (cache miss)
npm http fetch GET 200 https://registry.npmjs.org/@next%2fenv 296099ms (cache miss)
npm http fetch GET 200 https://registry.npmjs.org/@next%2fswc-win32-arm64-msvc 346581ms (cache miss)
npm http fetch GET 200 https://registry.npmjs.org/@next%2fswc-linux-arm64-musl 698333ms (cache miss)
npm http fetch GET 200 https://registry.npmjs.org/@next%2fswc-darwin-x64 225ms (cache revalidated)
npm verbose reify failed optional dependency D:\code\React\School-managment\school-managment\node_modules\@next\swc-win32-arm64-msvc
npm verbose reify failed optional dependency D:\code\React\School-managment\school-managment\node_modules\@next\swc-linux-x64-musl
npm verbose reify failed optional dependency D:\code\React\School-managment\school-managment\node_modules\@next\swc-linux-x64-gnu
npm verbose reify failed optional dependency D:\code\React\School-managment\school-managment\node_modules\@next\swc-linux-arm64-musl
npm verbose reify failed optional dependency D:\code\React\School-managment\school-managment\node_modules\@next\swc-linux-arm64-gnu
npm verbose reify failed optional dependency D:\code\React\School-managment\school-managment\node_modules\@next\swc-darwin-x64
npm verbose reify failed optional dependency D:\code\React\School-managment\school-managment\node_modules\@next\swc-darwin-arm64
npm http cache next@https://registry.npmjs.org/next/-/next-15.5.23.tgz 0ms (cache hit)
npm http cache @next/swc-win32-x64-msvc@https://registry.npmjs.org/@next/swc-win32-x64-msvc/-/swc-win32-x64-msvc-15.5.23.tgz 0ms (cache hit)
npm http cache @next/env@https://registry.npmjs.org/@next/env/-/env-15.5.23.tgz 0ms (cache hit)
npm http fetch POST 200 https://registry.npmjs.org/-/npm/v1/security/advisories/bulk 13716ms
npm http fetch GET 200 https://registry.npmjs.org/@opentelemetry%2fauto-instrumentations-node 555ms (cache revalidated)
npm http fetch GET 200 https://registry.npmjs.org/postcss 675ms (cache revalidated)
npm http fetch GET 200 https://registry.npmjs.org/sharp 751ms (cache revalidated)
npm http fetch GET 200 https://registry.npmjs.org/brace-expansion 1094ms (cache revalidated)
npm http fetch GET 200 https://registry.npmjs.org/valibot 1106ms (cache revalidated)
npm http fetch GET 200 https://registry.npmjs.org/hono 1614ms (cache revalidated)
npm http fetch GET 200 https://registry.npmjs.org/@opentelemetry%2fpropagator-jaeger 1887ms (cache revalidated)
npm http fetch GET 200 https://registry.npmjs.org/js-yaml 2667ms (cache updated)
npm http fetch GET 200 https://registry.npmjs.org/@opentelemetry%2fsdk-node 3529ms (cache revalidated)
npm http fetch GET 200 https://registry.npmjs.org/nanoid 3730ms (cache revalidated)
npm http fetch GET 200 https://registry.npmjs.org/fast-uri 6538ms (cache revalidated)
npm http fetch GET 200 https://registry.npmjs.org/uuid 7493ms (cache revalidated)
npm http fetch GET 200 https://registry.npmjs.org/@opentelemetry%2fcore 11889ms (cache revalidated)
npm http fetch GET 200 https://registry.npmjs.org/@hono%2fnode-server 11943ms (cache updated)
npm http fetch GET 200 https://registry.npmjs.org/minimatch 1596ms (cache revalidated)
npm http fetch GET 200 https://registry.npmjs.org/gaxios 162ms (cache revalidated)
npm http fetch GET 200 https://registry.npmjs.org/googleapis-common 164ms (cache revalidated)
npm http fetch GET 200 https://registry.npmjs.org/teeny-request 172ms (cache revalidated)
npm http fetch GET 200 https://registry.npmjs.org/genkit 174ms (cache revalidated)
npm http fetch GET 200 https://registry.npmjs.org/google-gax 184ms (cache revalidated)
npm http fetch GET 200 https://registry.npmjs.org/@genkit-ai%2fai 611ms (cache revalidated)
npm http fetch GET 200 https://registry.npmjs.org/@prisma%2fdev 315ms (cache revalidated)
npm http fetch GET 200 https://registry.npmjs.org/@genkit-ai%2fgoogle-cloud 180ms (cache revalidated)
npm http fetch GET 200 https://registry.npmjs.org/@opentelemetry%2fexporter-trace-otlp-grpc 407ms (cache revalidated)
npm http fetch GET 200 https://registry.npmjs.org/@opentelemetry%2fexporter-trace-otlp-http 404ms (cache revalidated)
npm http fetch GET 200 https://registry.npmjs.org/@opentelemetry%2finstrumentation-amqplib 404ms (cache revalidated)
npm http fetch GET 200 https://registry.npmjs.org/@google-cloud%2fopentelemetry-cloud-trace-exporter 426ms (cache revalidated)
npm http fetch GET 200 https://registry.npmjs.org/@opentelemetry%2finstrumentation-mongoose 410ms (cache revalidated)
npm http fetch GET 200 https://registry.npmjs.org/@opentelemetry%2finstrumentation-fastify 414ms (cache revalidated)
npm http fetch GET 200 https://registry.npmjs.org/@opentelemetry%2finstrumentation-aws-sdk 509ms (cache revalidated)
npm http fetch GET 200 https://registry.npmjs.org/@opentelemetry%2finstrumentation-hapi 515ms (cache revalidated)
npm http fetch GET 200 https://registry.npmjs.org/@opentelemetry%2finstrumentation-http 518ms (cache revalidated)
npm http fetch GET 200 https://registry.npmjs.org/@opentelemetry%2finstrumentation-koa 526ms (cache revalidated)
npm http fetch GET 200 https://registry.npmjs.org/@opentelemetry%2fotlp-exporter-base 642ms (cache revalidated)
npm http fetch GET 200 https://registry.npmjs.org/@opentelemetry%2finstrumentation-restify 654ms (cache revalidated)
npm http fetch GET 200 https://registry.npmjs.org/@opentelemetry%2fotlp-grpc-exporter-base 658ms (cache revalidated)
npm http fetch GET 200 https://registry.npmjs.org/@opentelemetry%2fexporter-trace-otlp-proto 707ms (cache revalidated)
npm http fetch GET 200 https://registry.npmjs.org/@opentelemetry%2fexporter-zipkin 716ms (cache revalidated)
npm http fetch GET 200 https://registry.npmjs.org/@opentelemetry%2finstrumentation-connect 728ms (cache revalidated)
npm http fetch GET 200 https://registry.npmjs.org/@opentelemetry%2finstrumentation-undici 782ms (cache revalidated)
npm http fetch GET 200 https://registry.npmjs.org/@opentelemetry%2finstrumentation-express 794ms (cache revalidated)
npm http fetch GET 200 https://registry.npmjs.org/@opentelemetry%2fresource-detector-azure 790ms (cache revalidated)
npm http fetch GET 200 https://registry.npmjs.org/@opentelemetry%2fresource-detector-gcp 792ms (cache revalidated)
npm http fetch GET 200 https://registry.npmjs.org/@opentelemetry%2finstrumentation-fs 869ms (cache revalidated)
npm http fetch GET 200 https://registry.npmjs.org/@google-cloud%2fopentelemetry-cloud-monitoring-exporter 898ms (cache revalidated)
npm http fetch GET 200 https://registry.npmjs.org/@opentelemetry%2fresources 913ms (cache revalidated)
npm http fetch GET 200 https://registry.npmjs.org/@opentelemetry%2fsdk-trace-base 925ms (cache revalidated)
npm http fetch GET 200 https://registry.npmjs.org/@opentelemetry%2fresource-detector-container 1001ms (cache revalidated)
npm http fetch GET 200 https://registry.npmjs.org/@opentelemetry%2fsql-common 1013ms (cache revalidated)
npm http fetch GET 200 https://registry.npmjs.org/@genkit-ai%2fcore 1053ms (cache revalidated)
npm http fetch GET 200 https://registry.npmjs.org/@opentelemetry%2fsdk-metrics 1034ms (cache revalidated)
npm http fetch GET 200 https://registry.npmjs.org/@opentelemetry%2fresource-detector-aws 1159ms (cache revalidated)
npm http fetch GET 200 https://registry.npmjs.org/@opentelemetry%2finstrumentation-pino 1179ms (cache revalidated)
npm http fetch GET 200 https://registry.npmjs.org/@opentelemetry%2fsdk-trace-node 1187ms (cache revalidated)
npm http fetch GET 200 https://registry.npmjs.org/@opentelemetry%2fotlp-transformer 1355ms (cache revalidated)
npm http fetch GET 200 https://registry.npmjs.org/@opentelemetry%2fsdk-logs 1586ms (cache revalidated)
npm http fetch GET https://registry.npmjs.org/@next/env/-/env-15.5.23.tgz attempt 1 failed with ECONNRESET
npm http fetch GET 200 https://registry.npmjs.org/@opentelemetry%2fresource-detector-alibaba-cloud 2348ms (cache revalidated)
npm http fetch GET 200 https://registry.npmjs.org/@opentelemetry%2fpropagator-b3 5889ms (cache revalidated)
npm http fetch GET 200 https://registry.npmjs.org/ajv 483ms (cache revalidated)
npm http fetch GET 200 https://registry.npmjs.org/@eslint%2feslintrc 162ms (cache revalidated)
npm http fetch GET 200 https://registry.npmjs.org/postcss-js 180ms (cache revalidated)
npm http fetch GET 200 https://registry.npmjs.org/postcss-load-config 185ms (cache revalidated)
npm http fetch GET 200 https://registry.npmjs.org/postcss-import 2972ms (cache updated)
npm http fetch GET 200 https://registry.npmjs.org/@next/env/-/env-15.5.23.tgz 42736ms attempt #2 (cache miss)
npm http fetch GET 200 https://registry.npmjs.org/postcss-nested 21518ms (cache revalidated)
npm http fetch GET 200 https://registry.npmjs.org/tailwindcss 336149ms (cache updated)
npm http fetch GET 200 https://registry.npmjs.org/next 440300ms (cache updated)
npm http fetch GET 200 https://registry.npmjs.org/gtoken 646ms (cache revalidated)
npm http fetch GET 200 https://registry.npmjs.org/gcp-metadata 3991ms (cache revalidated)
npm http fetch GET 200 https://registry.npmjs.org/google-auth-library 5196ms (cache revalidated)
npm http fetch GET 200 https://registry.npmjs.org/@google-cloud%2fstorage 48633ms (cache updated)
npm http fetch GET 200 https://registry.npmjs.org/googleapis 158ms (cache revalidated)
npm http fetch GET 200 https://registry.npmjs.org/retry-request 182ms (cache revalidated)
npm http fetch GET 200 https://registry.npmjs.org/@genkit-ai%2fgoogle-genai 1523ms (cache revalidated)
npm http fetch GET 200 https://registry.npmjs.org/@genkit-ai%2ffirebase 1584ms (cache revalidated)
npm http fetch GET 200 https://registry.npmjs.org/@google-cloud%2ffirestore 185ms (cache revalidated)
npm http fetch GET 200 https://registry.npmjs.org/@google-cloud%2flogging 525ms (cache revalidated)
npm http fetch GET 200 https://registry.npmjs.org/prisma 2941ms (cache revalidated)
npm http fetch GET 200 https://registry.npmjs.org/@opentelemetry%2finstrumentation-aws-lambda 409ms (cache revalidated)
npm http fetch GET 200 https://registry.npmjs.org/@google-cloud%2fopentelemetry-resource-util 1381ms (cache revalidated)
npm http fetch GET 200 https://registry.npmjs.org/@opentelemetry%2finstrumentation-pg 182ms (cache revalidated)
npm http fetch GET 200 https://registry.npmjs.org/@opentelemetry%2finstrumentation-mysql2 707ms (cache revalidated)
npm http fetch GET 200 https://registry.npmjs.org/@opentelemetry%2finstrumentation-mongodb 730ms (cache revalidated)
npm http fetch GET 200 https://registry.npmjs.org/firebase-admin 1054ms (cache revalidated)
npm http fetch GET 200 https://registry.npmjs.org/@prisma%2fclient 428ms (cache revalidated)
npm warn tar TAR_ENTRY_ERROR ENOENT: no such file or directory, open 'D:\code\React\School-managment\school-managment\node_modules\next\dist\esm\server\normalizers\built\app\app-page-normalizer.js'
npm warn tar TAR_ENTRY_ERROR ENOENT: no such file or directory, open 'D:\code\React\School-managment\school-managment\node_modules\next\dist\server\normalizers\built\app\app-page-normalizer.js'
npm warn tar TAR_ENTRY_ERROR ENOENT: no such file or directory, lstat 'D:\code\React\School-managment\school-managment\node_modules\next\dist\esm\server\route-definitions'
npm warn tar TAR_ENTRY_ERROR ENOENT: no such file or directory, lstat 'D:\code\React\School-managment\school-managment\node_modules\next\dist\server\route-definitions'
npm warn tar TAR_ENTRY_ERROR ENOENT: no such file or directory, lstat 'D:\code\React\School-managment\school-managment\node_modules\next\dist\esm\server\route-matches'
npm warn tar TAR_ENTRY_ERROR ENOENT: no such file or directory, lstat 'D:\code\React\School-managment\school-managment\node_modules\next\dist\server\route-matches'
npm warn tar TAR_ENTRY_ERROR ENOENT: no such file or directory, lstat 'D:\code\React\School-managment\school-managment\node_modules\next\dist\esm\server\route-matcher-providers'
npm warn tar TAR_ENTRY_ERROR ENOENT: no such file or directory, lstat 'D:\code\React\School-managment\school-managment\node_modules\next\dist\server\route-matcher-providers'
npm warn tar TAR_ENTRY_ERROR ENOENT: no such file or directory, lstat 'D:\code\React\School-managment\school-managment\node_modules\next\dist\esm\server\route-matchers'
npm warn tar TAR_ENTRY_ERROR ENOENT: no such file or directory, lstat 'D:\code\React\School-managment\school-managment\node_modules\next\dist\server\route-matchers'
npm warn tar TAR_ENTRY_ERROR ENOENT: no such file or directory, open 'D:\code\React\School-managment\school-managment\node_modules\next\dist\compiled\next-server\app-page-turbo-experimental.runtime.dev.js'
